node.exe : - Generating browser application bundles (phase: setup)...
At line:1 char:1
+ & "C:\/node.exe" "C:\/node_modules/npm/bin/npx-cli.js" ng build
+ ~~~~~~~~~~~~~~~~~~~~~~~~~~~~~~~~~~~~~~~~~~~~~~~~~~~~~~~~~~~~~~~
    + CategoryInfo          : NotSpecified: (- Generating br...hase: setup)... 
   :String) [], RemoteException
    + FullyQualifiedErrorId : NativeCommandError
 
Γ£ö Browser application bundle generation complete.
Γ£ö Browser application bundle generation complete.
[1m[33m
Warning: [96msrc/app/app.component.ts[0m:[93m8[0m:[93m13[0m - 
[93mwarning[0m[90m NG8113: [0mRouterOutlet is not used within the template 
of AppComponent

[7m8[0m   imports: [RouterOutlet, IonApp, IonRouterOutlet],
[7m [0m [93m            ~~~~~~~~~~~~[0m


Warning: 
[96msrc/app/components/item-card/item-card.html[0m:[93m6[0m:[93m52[0m - 
[93mwarning[0m[90m NG8107: [0mThe left side of this optional chain 
operation does not include 'null' or 'undefined' in its type, therefore the 
'?.' operator can be replaced with the '.' operator.

[7m6[0m         <ion-card-title class="item-name">{{ item?.itemName 
}}</ion-card-title>
[7m [0m [93m                                                   ~~~~~~~~[0m

  [96msrc/app/components/item-card/item-card.ts[0m:[93m16[0m:[93m16[0m
    [7m16[0m   templateUrl: 'item-card.html',
    [7m  [0m [96m               ~~~~~~~~~~~~~~~~[0m
    Warning occurs in the template of component ItemCardComponent.


Warning: 
[96msrc/app/components/item-card/item-card.html[0m:[93m10[0m:[93m65[0m - 
[93mwarning[0m[90m NG8107: [0mThe left side of this optional chain 
operation does not include 'null' or 'undefined' in its type, therefore the 
'?.' operator can be replaced with the '.' operator.

[7m10[0m         <ion-badge [ngClass]="getCategoryBadgeClass()">{{ 
item?.category }}</ion-badge>
[7m  [0m [93m                                                               
 ~~~~~~~~[0m

  [96msrc/app/components/item-card/item-card.ts[0m:[93m16[0m:[93m16[0m
    [7m16[0m   templateUrl: 'item-card.html',
    [7m  [0m [96m               ~~~~~~~~~~~~~~~~[0m
    Warning occurs in the template of component ItemCardComponent.


Warning: 
[96msrc/app/components/item-card/item-card.html[0m:[93m11[0m:[93m62[0m - 
[93mwarning[0m[90m NG8107: [0mThe left side of this optional chain 
operation does not include 'null' or 'undefined' in its type, therefore the 
'?.' operator can be replaced with the '.' operator.

[7m11[0m         <ion-badge [ngClass]="getStockBadgeClass()">{{ 
item?.stockStatus }}</ion-badge>
[7m  [0m [93m                                                             
~~~~~~~~~~~[0m

  [96msrc/app/components/item-card/item-card.ts[0m:[93m16[0m:[93m16[0m
    [7m16[0m   templateUrl: 'item-card.html',
    [7m  [0m [96m               ~~~~~~~~~~~~~~~~[0m
    Warning occurs in the template of component ItemCardComponent.


Warning: 
[96msrc/app/components/item-card/item-card.html[0m:[93m20[0m:[93m45[0m - 
[93mwarning[0m[90m NG8107: [0mThe left side of this optional chain 
operation does not include 'null' or 'undefined' in its type, therefore the 
'?.' operator can be replaced with the '.' operator.

[7m20[0m         <span class="detail-value">{{ item?.quantity }} units</span>
[7m  [0m [93m                                            ~~~~~~~~[0m

  [96msrc/app/components/item-card/item-card.ts[0m:[93m16[0m:[93m16[0m
    [7m16[0m   templateUrl: 'item-card.html',
    [7m  [0m [96m               ~~~~~~~~~~~~~~~~[0m
    Warning occurs in the template of component ItemCardComponent.


Warning: 
[96msrc/app/components/item-card/item-card.html[0m:[93m25[0m:[93m46[0m - 
[93mwarning[0m[90m NG8107: [0mThe left side of this optional chain 
operation does not include 'null' or 'undefined' in its type, therefore the 
'?.' operator can be replaced with the '.' operator.

[7m25[0m         <span class="detail-value">${{ item?.price | number:'1.2-2' 
}}</span>
[7m  [0m [93m                                             ~~~~~[0m

  [96msrc/app/components/item-card/item-card.ts[0m:[93m16[0m:[93m16[0m
    [7m16[0m   templateUrl: 'item-card.html',
    [7m  [0m [96m               ~~~~~~~~~~~~~~~~[0m
    Warning occurs in the template of component ItemCardComponent.


Warning: 
[96msrc/app/components/item-card/item-card.html[0m:[93m30[0m:[93m45[0m - 
[93mwarning[0m[90m NG8107: [0mThe left side of this optional chain 
operation does not include 'null' or 'undefined' in its type, therefore the 
'?.' operator can be replaced with the '.' operator.

[7m30[0m         <span class="detail-value">{{ item?.supplierName }}</span>
[7m  [0m [93m                                            ~~~~~~~~~~~~[0m

  [96msrc/app/components/item-card/item-card.ts[0m:[93m16[0m:[93m16[0m
    [7m16[0m   templateUrl: 'item-card.html',
    [7m  [0m [96m               ~~~~~~~~~~~~~~~~[0m
    Warning occurs in the template of component ItemCardComponent.


Warning: 
[96msrc/app/components/item-card/item-card.html[0m:[93m35[0m:[93m45[0m - 
[93mwarning[0m[90m NG8107: [0mThe left side of this optional chain 
operation does not include 'null' or 'undefined' in its type, therefore the 
'?.' operator can be replaced with the '.' operator.

[7m35[0m         <span class="detail-value">{{ item?.specialNote }}</span>
[7m  [0m [93m                                            ~~~~~~~~~~~[0m

  [96msrc/app/components/item-card/item-card.ts[0m:[93m16[0m:[93m16[0m
    [7m16[0m   templateUrl: 'item-card.html',
    [7m  [0m [96m               ~~~~~~~~~~~~~~~~[0m
    Warning occurs in the template of component ItemCardComponent.


Warning: 
[96msrc/app/components/item-card/item-card.ts[0m:[93m15[0m:[93m91[0m - 
[93mwarning[0m[90m NG8113: [0mIonText is not used within the template of 
ItemCardComponent

[7m15[0m   imports: [CommonModule, IonCard, IonCardHeader, IonCardTitle, 
IonCardContent, IonBadge, IonText],
[7m  [0m [93m                                                               
                           ~~~~~~~[0m


Warning: 
[96msrc/app/pages/dashboard/dashboard.component.ts[0m:[93m50[0m:[93m5[0m 
- [93mwarning[0m[90m NG8113: [0mIonSpinner is not used within the template 
of DashboardComponent

[7m50[0m     IonSpinner,
[7m  [0m [93m    ~~~~~~~~~~[0m


Warning: 
[96msrc/app/pages/tab1-list-search/tab1.page.ts[0m:[93m31[0m:[93m5[0m - 
[93mwarning[0m[90m NG8113: [0mIonCard is not used within the template of 
Tab1Page

[7m31[0m     IonCard,
[7m  [0m [93m    ~~~~~~~[0m


Warning: 
[96msrc/app/pages/tab1-list-search/tab1.page.ts[0m:[93m32[0m:[93m5[0m - 
[93mwarning[0m[90m NG8113: [0mIonCardHeader is not used within the 
template of Tab1Page

[7m32[0m     IonCardHeader,
[7m  [0m [93m    ~~~~~~~~~~~~~[0m


Warning: 
[96msrc/app/pages/tab1-list-search/tab1.page.ts[0m:[93m33[0m:[93m5[0m - 
[93mwarning[0m[90m NG8113: [0mIonCardTitle is not used within the template 
of Tab1Page

[7m33[0m     IonCardTitle,
[7m  [0m [93m    ~~~~~~~~~~~~[0m


Warning: 
[96msrc/app/pages/tab1-list-search/tab1.page.ts[0m:[93m34[0m:[93m5[0m - 
[93mwarning[0m[90m NG8113: [0mIonCardContent is not used within the 
template of Tab1Page

[7m34[0m     IonCardContent,
[7m  [0m [93m    ~~~~~~~~~~~~~~[0m


Warning: 
[96msrc/app/pages/tab1-list-search/tab1.page.ts[0m:[93m35[0m:[93m5[0m - 
[93mwarning[0m[90m NG8113: [0mIonBadge is not used within the template of 
Tab1Page

[7m35[0m     IonBadge,
[7m  [0m [93m    ~~~~~~~~[0m


Warning: 
[96msrc/app/pages/tab1-list-search/tab1.page.ts[0m:[93m37[0m:[93m5[0m - 
[93mwarning[0m[90m NG8113: [0mIonSpinner is not used within the template 
of Tab1Page

[7m37[0m     IonSpinner,
[7m  [0m [93m    ~~~~~~~~~~[0m


Warning: 
[96msrc/app/pages/tab2-add-featured/tab2.page.ts[0m:[93m43[0m:[93m5[0m - 
[93mwarning[0m[90m NG8113: [0mIonSpinner is not used within the template 
of Tab2Page

[7m43[0m     IonSpinner,
[7m  [0m [93m    ~~~~~~~~~~[0m


Warning: 
[96msrc/app/pages/tab2-add-featured/tab2.page.ts[0m:[93m44[0m:[93m5[0m - 
[93mwarning[0m[90m NG8113: [0mIonText is not used within the template of 
Tab2Page

[7m44[0m     IonText,
[7m  [0m [93m    ~~~~~~~[0m


Warning: 
[96msrc/app/pages/tab3-update-delete/tab3.page.ts[0m:[93m44[0m:[93m5[0m 
- [93mwarning[0m[90m NG8113: [0mIonSpinner is not used within the template 
of Tab3Page

[7m44[0m     IonSpinner,
[7m  [0m [93m    ~~~~~~~~~~[0m


Warning: 
[96msrc/app/pages/tab4-privacy/tab4.page.ts[0m:[93m36[0m:[93m5[0m - 
[93mwarning[0m[90m NG8113: [0mIonText is not used within the template of 
Tab4Page

[7m36[0m     IonText,
[7m  [0m [93m    ~~~~~~~[0m


[39m[22m
[1m[31m
./src/app/pages/tabs/tabs.page.ts:25:82-89 - Error: export 'IonPage' (imported 
as 'IonPage') was not found in '@ionic/angular/standalone' (possible exports: 
ActionSheetController, AlertController, AnimationController, Config, 
DomController, GestureController, IonAccordion, IonAccordionGroup, 
IonActionSheet, IonAlert, IonApp, IonAvatar, IonBackButton, IonBackdrop, 
IonBadge, IonBreadcrumb, IonBreadcrumbs, IonButton, IonButtons, IonCard, 
IonCardContent, IonCardHeader, IonCardSubtitle, IonCardTitle, IonCheckbox, 
IonChip, IonCol, IonContent, IonDatetime, IonDatetimeButton, IonFab, 
IonFabButton, IonFabList, IonFooter, IonGrid, IonHeader, IonIcon, IonImg, 
IonInfiniteScroll, IonInfiniteScrollContent, IonInput, IonInputOtp, 
IonInputPasswordToggle, IonItem, IonItemDivider, IonItemGroup, IonItemOption, 
IonItemOptions, IonItemSliding, IonLabel, IonList, IonListHeader, IonLoading, 
IonMenu, IonMenuButton, IonMenuToggle, IonModal, IonModalToken, IonNav, 
IonNavLink, IonNote, IonPicker, IonPickerColumn, IonPickerColumnOption, 
IonPickerLegacy, IonPopover, IonProgressBar, IonRadio, IonRadioGroup, 
IonRange, IonRefresher, IonRefresherContent, IonReorder, IonReorderGroup, 
IonRippleEffect, IonRouterLink, IonRouterLinkWithHref, IonRouterOutlet, 
IonRow, IonSearchbar, IonSegment, IonSegmentButton, IonSegmentContent, 
IonSegmentView, IonSelect, IonSelectModal, IonSelectOption, IonSkeletonText, 
IonSpinner, IonSplitPane, IonTab, IonTabBar, IonTabButton, IonTabs, IonText, 
IonTextarea, IonThumbnail, IonTitle, IonToast, IonToggle, IonToolbar, 
IonicRouteStrategy, IonicSafeString, IonicSlides, LoadingController, 
MenuController, ModalController, NavController, NavParams, PickerController, 
Platform, PopoverController, ToastController, createAnimation, createGesture, 
getPlatforms, getTimeGivenProgression, iosTransitionAnimation, isPlatform, 
mdTransitionAnimation, provideIonicAngular)

Error: [96msrc/app/pages/tabs/tabs.page.ts[0m:[93m2[0m:[93m80[0m - 
[91merror[0m[90m TS2305: [0mModule '"@ionic/angular/standalone"' has no 
exported member 'IonPage'.

[7m2[0m import { IonTabs, IonTabBar, IonTabButton, IonIcon, IonLabel, 
IonRouterOutlet, IonPage } from '@ionic/angular/standalone';
[7m [0m [91m                                                                
               ~~~~~~~[0m


Error: [96msrc/app/pages/tabs/tabs.page.ts[0m:[93m16[0m:[93m83[0m - 
[91merror[0m[90m NG1010: [0m'imports' must be an array of components, 
directives, pipes, or NgModules.
  Value could not be determined statically.

[7m16[0m   imports: [IonTabs, IonTabBar, IonTabButton, IonIcon, IonLabel, 
IonRouterOutlet, IonPage, RouterModule],
[7m  [0m [91m                                                               
                   ~~~~~~~[0m

  [96msrc/app/pages/tabs/tabs.page.ts[0m:[93m16[0m:[93m83[0m
    [7m16[0m   imports: [IonTabs, IonTabBar, IonTabButton, IonIcon, 
IonLabel, IonRouterOutlet, IonPage, RouterModule],
    [7m  [0m [96m                                                           
                       ~~~~~~~[0m
    Unknown reference.


[39m[22m
